[36mvite v8.0.0 [32mbuilding client environment for production...[36m[39m
[2K
transforming...Γ£ô 79 modules transformed.
node.exe : [31mΓ£ù[39m 
Build failed in 222ms
At line:1 char:1
+ & "C:\Program 
Files\nodejs/node.exe" 
"C:\Program 
Files\nodejs/node_mo ...
+ ~~~~~~~~~~~~~~~~~~~~~~~~~~~
~~~~~~~~~~~~~~~~~~~~~~~~~~~~~
~~~~~~~~~~~~~
    + CategoryInfo           
   : NotSpecified: ([31mΓ£  
  ù[39m Build failed in 2   
 22ms:String) [], RemoteE    
xception
    + FullyQualifiedErrorId  
   : NativeCommandError
 
[31merror during build:
[31mBuild failed with 1 
error:

[31m[builtin:vite-transform]
 Error:[0m Unexpected token
     [38;5;246mΓò¡[0m[38;5
;246mΓöÇ[0m[38;5;246m[[0m 
src/pages/Attendance.jsx:514:
55 [38;5;246m][0m
     [38;5;246mΓöé[0m
 [38;5;246m514 Γöé[0m 
[38;5;249m [0m[38;5;249m 
[0m[38;5;249m 
[0m[38;5;249m 
[0m[38;5;249m 
[0m[38;5;249m 
[0m[38;5;249m 
[0m[38;5;249m 
[0m[38;5;249m 
[0m[38;5;249m 
[0m[38;5;249m 
[0m[38;5;249m 
[0m[38;5;249m 
[0m[38;5;249m [0m[38;5;24
9ms[0m[38;5;249mt[0m[38;5
;249mu[0m[38;5;249md[0m[3
8;5;249me[0m[38;5;249mn[0m
[38;5;249mt[0m[38;5;249mT
[0m[38;5;249ma[0m[38;5;249
mb[0m[38;5;249m [0m[38;5;
249m=[0m[38;5;249m=[0m[38
;5;249m=[0m[38;5;249m [0m
[38;5;249m'[0m[38;5;249mM[
0m[38;5;249mo[0m[38;5;249m
n[0m[38;5;249mt[0m[38;5;2
49mh[0m[38;5;249ml[0m[38;
5;249my[0m[38;5;249m'[0m[
38;5;249m [0m[38;5;249m?[0
m[38;5;249m [0m[38;5;249m<
[0m[38;5;249mM[0m[38;5;24
9mo[0m[38;5;249mn[0m[38;5
;249mt[0m[38;5;249mh[0m[3
8;5;249ml[0m[38;5;249my[0m
[38;5;249mV[0m[38;5;249mi
[0m[38;5;249me[0m[38;5;249
mw[0m[38;5;249m [0m([38;5
;249m)[0m[38;5;249m [0m[3
8;5;249m/[0m[38;5;249m>[0m
[38;5;249m 
[0m[38;5;249m:[0m
 [38;5;240m    Γöé[0m      
                             
                    Γö¼  
 [38;5;240m    Γöé[0m      
                             
                    
Γò░ΓöÇΓöÇ 
[38;5;246mΓöÇΓöÇΓöÇΓöÇΓöÇΓò»
[0m
[31m
    at aggregateBindingErrors
IntoJsError (file:///C:/Users
/suga%20priya/Desktop/CLOUD%2
0PROJECT/frontend/node_module
s/rolldown/dist/shared/error-
CP8smW_P.mjs:48:18)
    at unwrapBindingResult (f
ile:///C:/Users/suga%20priya/
Desktop/CLOUD%20PROJECT/front
end/node_modules/rolldown/dis
t/shared/error-CP8smW_P.mjs:1
8:128)
    at #build (file:///C:/Use
rs/suga%20priya/Desktop/CLOUD
%20PROJECT/frontend/node_modu
les/rolldown/dist/shared/roll
down-build-4YnQkA76.mjs:3311:
34)
    at async 
buildEnvironment (file:///C:/
Users/suga%20priya/Desktop/CL
OUD%20PROJECT/frontend/node_m
odules/vite/dist/node/chunks/
node.js:32794:64)
    at async Object.build (fi
le:///C:/Users/suga%20priya/D
esktop/CLOUD%20PROJECT/fronte
nd/node_modules/vite/dist/nod
e/chunks/node.js:33216:19)
    at async Object.buildApp 
(file:///C:/Users/suga%20priy
a/Desktop/CLOUD%20PROJECT/fro
ntend/node_modules/vite/dist/
node/chunks/node.js:33213:153
)
    at async CAC.<anonymous> 
(file:///C:/Users/suga%20priy
a/Desktop/CLOUD%20PROJECT/fro
ntend/node_modules/vite/dist/
node/cli.js:778:3) {
  errors: [Getter/Setter]
}[39m
